exports[`test join game page matches snapshot 1`] = `"<html><head></head><body><pre style=\"word-wrap: break-word; white-space: pre-wrap;\">{\"hi\":\"hi\"}</pre></body></html>"`;
